Adding dependency `libfabric/1.9.0` to your environment
Adding dependency `openmpi/4.0.2` to your environment
Adding dependency `intel-mkl/2019u5` to your environment
Adding dependency `python/2.7.15` to your environment
Adding package `nwchem/6.8.1` to your environment
NWChem failed 1
NWChem failed 1
NWChem failed 1
NWChem failed 1
NWChem failed 1
NWChem failed 1
NWChem failed 1
NWChem failed 1
NWChem failed 1
NWChem failed 1
NWChem failed 1
NWChem failed 1
NWChem failed 1
NWChem failed 1
NWChem failed 1
NWChem failed 1
NWChem failed 1
NWChem failed 1
NWChem failed 1
NWChem failed 1
NWChem failed 1
NWChem failed 1
NWChem failed 1
NWChem failed 1
NWChem failed 1
NWChem failed 1
NWChem failed 1
NWChem failed 1
NWChem failed 1
NWChem failed 1
NWChem failed 1
NWChem failed 1
NWChem failed 1
NWChem failed 1
NWChem failed 1
NWChem failed 1
NWChem failed 1
NWChem failed 1
NWChem failed 1
NWChem failed 1
NWChem failed 1
NWChem failed 1
NWChem failed 1
NWChem failed 1
NWChem failed 1
NWChem failed 1
NWChem failed 1
NWChem failed 1
NWChem failed 1
NWChem failed 1
NWChem failed 1
NWChem failed 1
NWChem failed 1
NWChem failed 1
NWChem failed 1
NWChem failed 1
NWChem failed 1
NWChem failed 1
NWChem failed 1
NWChem failed 1
NWChem failed 1
NWChem failed 1
NWChem failed 1
NWChem failed 1
NWChem failed 1
NWChem failed 1
NWChem failed 1
NWChem failed 1
NWChem failed 1
NWChem failed 1
NWChem failed 1
NWChem failed 1
NWChem failed 1
NWChem failed 1
NWChem failed 1
NWChem failed 1
NWChem failed 1
NWChem failed 1
NWChem failed 1
NWChem failed 1
NWChem failed 1
NWChem failed 1
NWChem failed 1
NWChem failed 1
NWChem failed 1
NWChem failed 1
NWChem failed 1
NWChem failed 1
NWChem failed 1
NWChem failed 1
NWChem failed 1
NWChem failed 1
NWChem failed 1
NWChem failed 1
NWChem failed 1
NWChem failed 1
NWChem failed 1
NWChem failed 1
NWChem failed 1
NWChem failed 1
NWChem failed 1
NWChem failed 1
NWChem failed 1
NWChem failed 1
NWChem failed 1
NWChem failed 1
NWChem failed 1
NWChem failed 1
NWChem failed 1
NWChem failed 1
NWChem failed 1
NWChem failed 1
NWChem failed 1
NWChem failed 1
NWChem failed 1
NWChem failed 1
NWChem failed 1
NWChem failed 1
NWChem failed 1
NWChem failed 1
NWChem failed 1
NWChem failed 1
NWChem failed 1
NWChem failed 1
NWChem failed 1
NWChem failed 1
NWChem failed 1
NWChem failed 1
NWChem failed 1
NWChem failed 1
NWChem failed 1
NWChem failed 1
NWChem failed 1
NWChem failed 1
NWChem failed 1
NWChem failed 1
NWChem failed 1
NWChem failed 1
NWChem failed 1
NWChem failed 1
NWChem failed 1
NWChem failed 1
NWChem failed 1
NWChem failed 1
NWChem failed 1
NWChem failed 1
NWChem failed 1
NWChem failed 1
NWChem failed 1
NWChem failed 1
NWChem failed 1
NWChem failed 1
NWChem failed 1
NWChem failed 1
NWChem failed 1
NWChem failed 1
NWChem failed 1
NWChem failed 1
NWChem failed 1
NWChem failed 1
NWChem failed 1
NWChem failed 1
NWChem failed 1
NWChem failed 1
NWChem failed 1
NWChem failed 1
NWChem failed 1
NWChem failed 1
NWChem failed 1
NWChem failed 1
NWChem failed 1
NWChem failed 1
NWChem failed 1
NWChem failed 1
NWChem failed 1
NWChem failed 1
NWChem failed 1
NWChem failed 1
NWChem failed 1
NWChem failed 1
NWChem failed 1
NWChem failed 1
NWChem failed 1
NWChem failed 1
NWChem failed 1
NWChem failed 1
NWChem failed 1
NWChem failed 1
NWChem failed 1
NWChem failed 1
NWChem failed 1
NWChem failed 1
NWChem failed 1
NWChem failed 1
NWChem failed 1
NWChem failed 1
NWChem failed 1
NWChem failed 1
NWChem failed 1
NWChem failed 1
NWChem failed 1
NWChem failed 1
NWChem failed 1
NWChem failed 1
NWChem failed 1
NWChem failed 1
NWChem failed 1
NWChem failed 1
NWChem failed 1
NWChem failed 1
NWChem failed 1
NWChem failed 1
NWChem failed 1
NWChem failed 1
NWChem failed 1
NWChem failed 1
NWChem failed 1
NWChem failed 1
NWChem failed 1
NWChem failed 1
NWChem failed 1
NWChem failed 1
NWChem failed 1
NWChem failed 1
NWChem failed 1
NWChem failed 1
NWChem failed 1
NWChem failed 1
NWChem failed 1
NWChem failed 1
NWChem failed 1
NWChem failed 1
NWChem failed 1
NWChem failed 1
NWChem failed 1
NWChem failed 1
NWChem failed 1
NWChem failed 1
NWChem failed 1
NWChem failed 1
NWChem failed 1
NWChem failed 1
NWChem failed 1
NWChem failed 1
NWChem failed 1
NWChem failed 1
NWChem failed 1
NWChem failed 1
NWChem failed 1
NWChem failed 1
NWChem failed 1
NWChem failed 1
NWChem failed 1
NWChem failed 1
NWChem failed 1
NWChem failed 1
NWChem failed 1
NWChem failed 1
NWChem failed 1
NWChem failed 1
NWChem failed 1
NWChem failed 1
NWChem failed 1
NWChem failed 1
NWChem failed 1
NWChem failed 1
NWChem failed 1
NWChem failed 1
NWChem failed 1
NWChem failed 1
NWChem failed 1
NWChem failed 1
NWChem failed 1
NWChem failed 1
NWChem failed 1
NWChem failed 1
NWChem failed 1
NWChem failed 1
NWChem failed 1
NWChem failed 1
NWChem failed 1
NWChem failed 1
NWChem failed 1
NWChem failed 1
NWChem failed 1
NWChem failed 1
NWChem failed 1
NWChem failed 1
NWChem failed 1
NWChem failed 1
NWChem failed 1
NWChem failed 1
NWChem failed 1
NWChem failed 1
NWChem failed 1
NWChem failed 1
NWChem failed 1
NWChem failed 1
NWChem failed 1
NWChem failed 1
NWChem failed 1
NWChem failed 1
NWChem failed 1
NWChem failed 1
NWChem failed 1
NWChem failed 1
NWChem failed 1
NWChem failed 1
NWChem failed 1
NWChem failed 1
NWChem failed 1
NWChem failed 1
NWChem failed 1
NWChem failed 1
NWChem failed 1
NWChem failed 1
NWChem failed 1
NWChem failed 1
NWChem failed 1
NWChem failed 1
NWChem failed 1
NWChem failed 1
NWChem failed 1
NWChem failed 1
NWChem failed 1
NWChem failed 1
NWChem failed 1
NWChem failed 1
NWChem failed 1
NWChem failed 1
NWChem failed 1
NWChem failed 1
NWChem failed 1
NWChem failed 1
NWChem failed 1
NWChem failed 1
NWChem failed 1
NWChem failed 1
NWChem failed 1
NWChem failed 1
NWChem failed 1
NWChem failed 1
NWChem failed 1
NWChem failed 1
NWChem failed 1
NWChem failed 1
NWChem failed 1
NWChem failed 1
NWChem failed 1
NWChem failed 1
NWChem failed 1
NWChem failed 1
NWChem failed 1
NWChem failed 1
NWChem failed 1
NWChem failed 1
NWChem failed 1
NWChem failed 1
NWChem failed 1
NWChem failed 1
NWChem failed 1
NWChem failed 1
NWChem failed 1
NWChem failed 1
NWChem failed 1
NWChem failed 1
NWChem failed 1
NWChem failed 1
NWChem failed 1
NWChem failed 1
NWChem failed 1
NWChem failed 1
NWChem failed 1
NWChem failed 1
NWChem failed 1
NWChem failed 1
NWChem failed 1
NWChem failed 1
NWChem failed 1
NWChem failed 1
NWChem failed 1
NWChem failed 1
NWChem failed 1
NWChem failed 1
NWChem failed 1
NWChem failed 1
NWChem failed 1
NWChem failed 1
NWChem failed 1
NWChem failed 1
NWChem failed 1
NWChem failed 1
NWChem failed 1
NWChem failed 1
NWChem failed 1
NWChem failed 1
NWChem failed 1
NWChem failed 1
NWChem failed 1
NWChem failed 1
NWChem failed 1
NWChem failed 1
NWChem failed 1
NWChem failed 1
NWChem failed 1
NWChem failed 1
NWChem failed 1
NWChem failed 1
NWChem failed 1
NWChem failed 1
NWChem failed 1
NWChem failed 1
NWChem failed 1
NWChem failed 1
NWChem failed 1
NWChem failed 1
NWChem failed 1
NWChem failed 1
NWChem failed 1
NWChem failed 1
NWChem failed 1
NWChem failed 1
NWChem failed 1
NWChem failed 1
NWChem failed 1
NWChem failed 1
NWChem failed 1
NWChem failed 1
NWChem failed 1
NWChem failed 1
NWChem failed 1
NWChem failed 1
NWChem failed 1
NWChem failed 1
NWChem failed 1
NWChem failed 1
NWChem failed 1
NWChem failed 1
NWChem failed 1
NWChem failed 1
NWChem failed 1
NWChem failed 1
NWChem failed 1
NWChem failed 1
NWChem failed 1
NWChem failed 1
NWChem failed 1
NWChem failed 1
NWChem failed 1
NWChem failed 1
NWChem failed 1
NWChem failed 1
NWChem failed 1
NWChem failed 1
NWChem failed 1
NWChem failed 1
NWChem failed 1
NWChem failed 1
NWChem failed 1
NWChem failed 1
NWChem failed 1
NWChem failed 1
NWChem failed 1
NWChem failed 1
NWChem failed 1
NWChem failed 1
NWChem failed 1
NWChem failed 1
NWChem failed 1
NWChem failed 1
NWChem failed 1
NWChem failed 1
NWChem failed 1
NWChem failed 1
NWChem failed 1
NWChem failed 1
NWChem failed 1
NWChem failed 1
NWChem failed 1
NWChem failed 1
NWChem failed 1
NWChem failed 1
NWChem failed 1
NWChem failed 1
NWChem failed 1
NWChem failed 1
NWChem failed 1
NWChem failed 1
NWChem failed 1
NWChem failed 1
NWChem failed 1
NWChem failed 1
NWChem failed 1
NWChem failed 1
NWChem failed 1
NWChem failed 1
NWChem failed 1
NWChem failed 1
NWChem failed 1
NWChem failed 1
NWChem failed 1
NWChem failed 1
NWChem failed 1
NWChem failed 1
NWChem failed 1
NWChem failed 1
NWChem failed 1
NWChem failed 1
NWChem failed 1
NWChem failed 1
NWChem failed 1
NWChem failed 1
NWChem failed 1
NWChem failed 1
NWChem failed 1
NWChem failed 1
NWChem failed 1
NWChem failed 1
NWChem failed 1
NWChem failed 1
NWChem failed 1
NWChem failed 1
NWChem failed 1
NWChem failed 1
NWChem failed 1
NWChem failed 1
NWChem failed 1
NWChem failed 1
NWChem failed 1
NWChem failed 1
NWChem failed 1
NWChem failed 1
NWChem failed 1
NWChem failed 1
NWChem failed 1
NWChem failed 1
NWChem failed 1
NWChem failed 1
NWChem failed 1
NWChem failed 1
NWChem failed 1
NWChem failed 1
NWChem failed 1
NWChem failed 1
NWChem failed 1
NWChem failed 1
NWChem failed 1
NWChem failed 1
NWChem failed 1
NWChem failed 1
NWChem failed 1
NWChem failed 1
NWChem failed 1
NWChem failed 1
NWChem failed 1
NWChem failed 1
NWChem failed 1
NWChem failed 1
NWChem failed 1
NWChem failed 1
NWChem failed 1
NWChem failed 1
NWChem failed 1
NWChem failed 1
NWChem failed 1
NWChem failed 1
NWChem failed 1
NWChem failed 1
NWChem failed 1
NWChem failed 1
NWChem failed 1
NWChem failed 1
NWChem failed 1
NWChem failed 1
NWChem failed 1
NWChem failed 1
NWChem failed 1
NWChem failed 1
NWChem failed 1
NWChem failed 1
NWChem failed 1
NWChem failed 1
NWChem failed 1
NWChem failed 1
NWChem failed 1
NWChem failed 1
NWChem failed 1
NWChem failed 1
NWChem failed 1
NWChem failed 1
NWChem failed 1
NWChem failed 1
NWChem failed 1
NWChem failed 1
NWChem failed 1
NWChem failed 1
NWChem failed 1
NWChem failed 1
NWChem failed 1
NWChem failed 1
NWChem failed 1
NWChem failed 1
NWChem failed 1
NWChem failed 1
NWChem failed 1
NWChem failed 1
NWChem failed 1
NWChem failed 1
NWChem failed 1
NWChem failed 1
NWChem failed 1
NWChem failed 1
NWChem failed 1
NWChem failed 1
NWChem failed 1
NWChem failed 1
NWChem failed 1
NWChem failed 1
NWChem failed 1
NWChem failed 1
NWChem failed 1
NWChem failed 1
NWChem failed 1
NWChem failed 1
NWChem failed 1
NWChem failed 1
NWChem failed 1
NWChem failed 1
NWChem failed 1
NWChem failed 1
NWChem failed 1
NWChem failed 1
NWChem failed 1
NWChem failed 1
NWChem failed 1
NWChem failed 1
NWChem failed 1
NWChem failed 1
NWChem failed 1
NWChem failed 1
NWChem failed 1
NWChem failed 1
NWChem failed 1
NWChem failed 1
NWChem failed 1
NWChem failed 1
NWChem failed 1
NWChem failed 1
NWChem failed 1
NWChem failed 1
NWChem failed 1
NWChem failed 1
NWChem failed 1
NWChem failed 1
NWChem failed 1
NWChem failed 1
NWChem failed 1
NWChem failed 1
NWChem failed 1
NWChem failed 1
NWChem failed 1
NWChem failed 1
NWChem failed 1
NWChem failed 1
NWChem failed 1
NWChem failed 1
NWChem failed 1
NWChem failed 1
NWChem failed 1
NWChem failed 1
NWChem failed 1
NWChem failed 1
NWChem failed 1
NWChem failed 1
NWChem failed 1
NWChem failed 1
NWChem failed 1
NWChem failed 1
NWChem failed 1
NWChem failed 1
NWChem failed 1
NWChem failed 1
NWChem failed 1
NWChem failed 1
NWChem failed 1
NWChem failed 1
NWChem failed 1
NWChem failed 1
NWChem failed 1
NWChem failed 1
NWChem failed 1
NWChem failed 1
NWChem failed 1
NWChem failed 1
NWChem failed 1
NWChem failed 1
NWChem failed 1
NWChem failed 1
NWChem failed 1
NWChem failed 1
NWChem failed 1
NWChem failed 1
NWChem failed 1
NWChem failed 1
NWChem failed 1
NWChem failed 1
NWChem failed 1
NWChem failed 1
NWChem failed 1
NWChem failed 1
NWChem failed 1
NWChem failed 1
NWChem failed 1
NWChem failed 1
NWChem failed 1
NWChem failed 1
NWChem failed 1
NWChem failed 1
NWChem failed 1
NWChem failed 1
NWChem failed 1
NWChem failed 1
NWChem failed 1
NWChem failed 1
NWChem failed 1
NWChem failed 1
NWChem failed 1
NWChem failed 1
NWChem failed 1
NWChem failed 1
NWChem failed 1
NWChem failed 1
NWChem failed 1
NWChem failed 1
NWChem failed 1
NWChem failed 1
NWChem failed 1
NWChem failed 1
NWChem failed 1
NWChem failed 1
